# ga c101 | universe 18 | seeds neutral (19) nofull | tree-13 uniform-x pm 0.50 | gens 50 stag 10
  batch 13 genomes @16 seeds | 563.9s | 43.38s/eval
  batch 6 genomes @16 seeds | 462.7s | 77.11s/eval
gen 0 | best 773.25 [REACH2] | mean 768.31 | unique 13 | evals 19
  batch 4 genomes @16 seeds | 747.7s | 186.93s/eval
gen 1 | best 773.39 [MAXN,REACH2,REACH1,REACH3,ATRISK] | mean 768.79 | unique 13 | evals 23
  batch 8 genomes @16 seeds | 626.7s | 78.34s/eval
gen 2 | best 774.90 [NSROB,MAXN,REACH3,REACH5,VFRAC] | mean 771.05 | unique 11 | evals 31
  batch 8 genomes @16 seeds | 1315.7s | 164.46s/eval
gen 3 | best 774.90 [NSROB,MAXN,REACH3,REACH5,VFRAC] | mean 772.37 | unique 11 | evals 39
  batch 8 genomes @16 seeds | 1296.3s | 162.04s/eval
gen 4 | best 774.90 [NSROB,MAXN,REACH3,REACH5,VFRAC] | mean 772.85 | unique 11 | evals 47
  batch 9 genomes @16 seeds | 1228.6s | 136.52s/eval
gen 5 | best 774.90 [NSROB,MAXN,REACH3,REACH5,VFRAC] | mean 773.15 | unique 10 | evals 56
  batch 11 genomes @16 seeds | 1310.5s | 119.14s/eval
gen 6 | best 776.04 [NSROB,REACH2,REACH1,REACH3,ATRISK] | mean 773.80 | unique 11 | evals 67
  batch 6 genomes @16 seeds | 1446.0s | 241.00s/eval
gen 7 | best 776.04 [NSROB,REACH2,REACH1,REACH3,ATRISK] | mean 774.15 | unique 11 | evals 73
  batch 8 genomes @16 seeds | 1771.3s | 221.41s/eval
gen 8 | best 777.65 [NSROB,REACH2,REACH1,REACH3,NFEAS,ATRISK] | mean 774.75 | unique 12 | evals 81
  batch 8 genomes @16 seeds | 1629.6s | 203.70s/eval
gen 9 | best 777.65 [NSROB,REACH2,REACH1,REACH3,NFEAS,ATRISK] | mean 775.19 | unique 11 | evals 89
  batch 7 genomes @16 seeds | 1346.7s | 192.38s/eval
gen 10 | best 777.65 [NSROB,REACH2,REACH1,REACH3,NFEAS,ATRISK] | mean 775.32 | unique 11 | evals 96
  batch 7 genomes @16 seeds | 1620.5s | 231.50s/eval
gen 11 | best 777.65 [NSROB,REACH2,REACH1,REACH3,NFEAS,ATRISK] | mean 775.56 | unique 10 | evals 103
  batch 7 genomes @16 seeds | 1118.9s | 159.84s/eval
gen 12 | best 777.65 [NSROB,REACH2,REACH1,REACH3,NFEAS,ATRISK] | mean 775.89 | unique 9 | evals 110
  batch 6 genomes @16 seeds | 1755.9s | 292.65s/eval
gen 13 | best 777.65 [NSROB,REACH2,REACH1,REACH3,NFEAS,ATRISK] | mean 775.89 | unique 9 | evals 116
  batch 6 genomes @16 seeds | 1454.6s | 242.43s/eval
gen 14 | best 777.65 [NSROB,REACH2,REACH1,REACH3,NFEAS,ATRISK] | mean 776.00 | unique 9 | evals 122
  batch 9 genomes @16 seeds | 2283.1s | 253.67s/eval
gen 15 | best 777.65 [NSROB,REACH2,REACH1,REACH3,NFEAS,ATRISK] | mean 776.21 | unique 8 | evals 131
  batch 5 genomes @16 seeds | 1337.5s | 267.51s/eval
gen 16 | best 777.65 [NSROB,REACH2,REACH1,REACH3,NFEAS,ATRISK] | mean 776.36 | unique 7 | evals 136
  batch 5 genomes @16 seeds | 1291.8s | 258.36s/eval
gen 17 | best 777.65 [NSROB,REACH2,REACH1,REACH3,NFEAS,ATRISK] | mean 776.69 | unique 6 | evals 141
  batch 2 genomes @16 seeds | 193.3s | 96.67s/eval
  reinject 2
  batch 5 genomes @16 seeds | 876.3s | 175.26s/eval
stop: stagnant 10 gens
gen end | best 777.65 [NSROB,REACH2,REACH1,REACH3,NFEAS,ATRISK] | mean 776.29 | evals 148

confirming top-5 at 30 seeds:
  batch 5 genomes @30 seeds | 1561.1s | 312.21s/eval
  772.70 (proxy 777.65) [NSROB,REACH2,REACH1,REACH3,NFEAS,ATRISK]
  769.66 (proxy 774.34) [REGRET,NSROB,REACH2,REACH5,VFRAC]
  769.67 (proxy 774.12) [MAXN,REACH2,PBUST,HARVEST,REACH2ROB]
  771.35 (proxy 773.76) [NSROB,MAXN,REACH2,NSTW,REACH3,NFEAS,REACH2ROB]
  769.65 (proxy 770.78) [MAXN,NFEAS,ATRISK,REACH2ROB]

CHAMPION train-30 772.70 | evals 153 | terms: NSROB,REACH2,REACH1,REACH3,NFEAS,ATRISK
PERF evals 153 | wall 27250s | 178.1s/eval | batch-gpu 27239s
