# ga pr01 | universe 18 | seeds neutral (19) nofull | tree-13 uniform-x pm 0.50 | gens 50 stag 10
  batch 13 genomes @16 seeds | 439.8s | 33.83s/eval
  batch 6 genomes @16 seeds | 286.3s | 47.72s/eval
gen 0 | best 581.40 [REACH5] | mean 571.78 | unique 13 | evals 19
  batch 4 genomes @16 seeds | 150.5s | 37.62s/eval
gen 1 | best 581.40 [REACH5] | mean 572.60 | unique 11 | evals 23
  batch 7 genomes @16 seeds | 306.9s | 43.84s/eval
gen 2 | best 583.82 [REACH1,REACH3,REACH5] | mean 575.36 | unique 12 | evals 30
  batch 3 genomes @16 seeds | 189.6s | 63.21s/eval
gen 3 | best 583.82 [REACH1,REACH3,REACH5] | mean 577.43 | unique 11 | evals 33
  batch 7 genomes @16 seeds | 381.2s | 54.46s/eval
gen 4 | best 586.41 [NSROB,NSTW,REACH1,REACH3,REACH5] | mean 580.19 | unique 11 | evals 40
  batch 5 genomes @16 seeds | 266.4s | 53.27s/eval
gen 5 | best 586.41 [NSROB,NSTW,REACH1,REACH3,REACH5] | mean 581.45 | unique 10 | evals 45
  batch 6 genomes @16 seeds | 320.3s | 53.39s/eval
gen 6 | best 586.41 [NSROB,NSTW,REACH1,REACH3,REACH5] | mean 582.63 | unique 10 | evals 51
  batch 7 genomes @16 seeds | 477.3s | 68.19s/eval
gen 7 | best 586.41 [NSROB,NSTW,REACH1,REACH3,REACH5] | mean 583.01 | unique 9 | evals 58
  batch 6 genomes @16 seeds | 423.8s | 70.63s/eval
gen 8 | best 586.72 [NSROB,NSTW,PBUST,REACH1,REACH3,REACH5,SAT] | mean 584.24 | unique 10 | evals 64
  batch 6 genomes @16 seeds | 336.3s | 56.05s/eval
gen 9 | best 586.72 [NSROB,NSTW,PBUST,REACH1,REACH3,REACH5,SAT] | mean 584.48 | unique 10 | evals 70
  batch 6 genomes @16 seeds | 393.4s | 65.57s/eval
gen 10 | best 586.72 [NSROB,NSTW,PBUST,REACH1,REACH3,REACH5,SAT] | mean 584.89 | unique 8 | evals 76
  batch 4 genomes @16 seeds | 355.5s | 88.89s/eval
gen 11 | best 586.72 [NSROB,NSTW,PBUST,REACH1,REACH3,REACH5,SAT] | mean 585.08 | unique 7 | evals 80
  batch 5 genomes @16 seeds | 379.5s | 75.90s/eval
gen 12 | best 586.72 [NSROB,NSTW,PBUST,REACH1,REACH3,REACH5,SAT] | mean 585.25 | unique 7 | evals 85
  batch 8 genomes @16 seeds | 537.8s | 67.22s/eval
gen 13 | best 586.72 [NSROB,NSTW,PBUST,REACH1,REACH3,REACH5,SAT] | mean 585.31 | unique 6 | evals 93
  batch 2 genomes @16 seeds | 152.7s | 76.33s/eval
  reinject 2
  batch 7 genomes @16 seeds | 530.9s | 75.84s/eval
gen 14 | best 587.64 [NSROB,REACH2,NSTW,PBUST,REACH1,REACH3,REACH5] | mean 583.48 | unique 8 | evals 102
  batch 5 genomes @16 seeds | 349.1s | 69.81s/eval
gen 15 | best 587.64 [NSROB,REACH2,NSTW,PBUST,REACH1,REACH3,REACH5] | mean 584.42 | unique 8 | evals 107
  batch 5 genomes @16 seeds | 529.0s | 105.80s/eval
gen 16 | best 587.64 [NSROB,REACH2,NSTW,PBUST,REACH1,REACH3,REACH5] | mean 584.42 | unique 8 | evals 112
  batch 5 genomes @16 seeds | 308.6s | 61.71s/eval
gen 17 | best 587.64 [NSROB,REACH2,NSTW,PBUST,REACH1,REACH3,REACH5] | mean 584.73 | unique 8 | evals 117
  batch 6 genomes @16 seeds | 492.3s | 82.05s/eval
gen 18 | best 587.91 [MAXN,REACH1,REACH3,REACH5,VFRAC] | mean 585.52 | unique 7 | evals 123
  batch 8 genomes @16 seeds | 555.7s | 69.46s/eval
gen 19 | best 587.91 [MAXN,REACH1,REACH3,REACH5,VFRAC] | mean 586.10 | unique 7 | evals 131
  batch 7 genomes @16 seeds | 481.6s | 68.80s/eval
gen 20 | best 587.91 [MAXN,REACH1,REACH3,REACH5,VFRAC] | mean 586.10 | unique 7 | evals 138
  batch 8 genomes @16 seeds | 758.5s | 94.81s/eval
gen 21 | best 587.91 [MAXN,REACH1,REACH3,REACH5,VFRAC] | mean 586.10 | unique 7 | evals 146
  batch 9 genomes @16 seeds | 658.5s | 73.16s/eval
gen 22 | best 587.91 [MAXN,REACH1,REACH3,REACH5,VFRAC] | mean 586.17 | unique 7 | evals 155
  batch 4 genomes @16 seeds | 405.5s | 101.37s/eval
gen 23 | best 587.91 [MAXN,REACH1,REACH3,REACH5,VFRAC] | mean 586.44 | unique 7 | evals 159
  batch 7 genomes @16 seeds | 782.1s | 111.72s/eval
gen 24 | best 587.91 [MAXN,REACH1,REACH3,REACH5,VFRAC] | mean 586.44 | unique 7 | evals 166
  batch 4 genomes @16 seeds | 301.4s | 75.36s/eval
gen 25 | best 587.91 [MAXN,REACH1,REACH3,REACH5,VFRAC] | mean 586.44 | unique 7 | evals 170
  batch 8 genomes @16 seeds | 604.2s | 75.52s/eval
gen 26 | best 588.49 [NSROB,REACH2,NSTW,REACH1,REACH3,REACH5,HARVEST] | mean 586.76 | unique 8 | evals 178
  batch 5 genomes @16 seeds | 464.7s | 92.94s/eval
gen 27 | best 588.49 [NSROB,REACH2,NSTW,REACH1,REACH3,REACH5,HARVEST] | mean 586.80 | unique 8 | evals 183
  batch 4 genomes @16 seeds | 272.9s | 68.22s/eval
gen 28 | best 588.49 [NSROB,REACH2,NSTW,REACH1,REACH3,REACH5,HARVEST] | mean 587.11 | unique 8 | evals 187
  batch 2 genomes @16 seeds | 283.4s | 141.70s/eval
gen 29 | best 588.49 [NSROB,REACH2,NSTW,REACH1,REACH3,REACH5,HARVEST] | mean 587.18 | unique 8 | evals 189
  batch 3 genomes @16 seeds | 217.2s | 72.39s/eval
gen 30 | best 588.49 [NSROB,REACH2,NSTW,REACH1,REACH3,REACH5,HARVEST] | mean 587.56 | unique 7 | evals 192
  batch 4 genomes @16 seeds | 320.3s | 80.07s/eval
gen 31 | best 588.49 [NSROB,REACH2,NSTW,REACH1,REACH3,REACH5,HARVEST] | mean 587.67 | unique 8 | evals 196
  batch 6 genomes @16 seeds | 593.0s | 98.83s/eval
gen 32 | best 588.49 [NSROB,REACH2,NSTW,REACH1,REACH3,REACH5,HARVEST] | mean 587.67 | unique 8 | evals 202
  batch 2 genomes @16 seeds | 155.3s | 77.66s/eval
gen 33 | best 588.49 [NSROB,REACH2,NSTW,REACH1,REACH3,REACH5,HARVEST] | mean 587.81 | unique 8 | evals 204
  batch 7 genomes @16 seeds | 587.2s | 83.89s/eval
gen 34 | best 588.49 [NSROB,REACH2,NSTW,REACH1,REACH3,REACH5,HARVEST] | mean 587.81 | unique 8 | evals 211
  batch 7 genomes @16 seeds | 489.2s | 69.88s/eval
gen 35 | best 588.49 [NSROB,REACH2,NSTW,REACH1,REACH3,REACH5,HARVEST] | mean 587.81 | unique 8 | evals 218
  batch 5 genomes @16 seeds | 406.4s | 81.28s/eval
stop: stagnant 10 gens
gen end | best 588.49 [NSROB,REACH2,NSTW,REACH1,REACH3,REACH5,HARVEST] | mean 587.81 | evals 223

confirming top-6 at 30 seeds:
  batch 6 genomes @30 seeds | 790.7s | 131.79s/eval
  585.42 (proxy 588.49) [NSROB,REACH2,NSTW,REACH1,REACH3,REACH5,HARVEST]
  584.23 (proxy 588.22) [NSROB,REACH2,NSTW,PBUST,REACH1,REACH3,REACH5,NFEAS,HARVEST]
  586.82 (proxy 587.91) [MAXN,REACH1,REACH3,REACH5,VFRAC]
  585.88 (proxy 587.64) [NSROB,REACH2,NSTW,PBUST,REACH1,REACH3,REACH5]
  586.87 (proxy 587.58) [NSROB,REACH2,NSTW,REACH1,REACH3,REACH5,SAT]
  587.88 (proxy 586.72) [NSROB,NSTW,PBUST,REACH1,REACH3,REACH5,SAT]

CHAMPION train-30 587.88 | evals 229 | terms: NSROB,NSTW,PBUST,REACH1,REACH3,REACH5,SAT
PERF evals 229 | wall 16750s | 73.1s/eval | batch-gpu 16735s
