QUEUE_START 2026-08-06_17:11:49
OK: sem processos concorrentes na GPU.
START pr01 2026-08-06_17:11:49
  pr01 11+[REGRET,NSROB,MAXN,REACH2,NSTW,FRAGCNT,FRAGSCORE,PBUST,REACH1,REACH3,REACH5,SAT,VFRAC,NFEAS,HARVEST,BOLSAO,ATRISK,REACH2ROB] | RULER mean-over-30 = +0.09% (std 2.53, 15/30 pos) | best +3.91  (84s)
TRACE_DONE
END pr01 2026-08-06_17:13:13
START c101 2026-08-06_17:13:13
  c101 11+[REGRET,NSROB,MAXN,REACH2,NSTW,FRAGCNT,FRAGSCORE,PBUST,REACH1,REACH3,REACH5,SAT,VFRAC,NFEAS,HARVEST,BOLSAO,ATRISK,REACH2ROB] | RULER mean-over-30 = +1.63% (std 0.89, 29/30 pos) | best +2.76  (154s)
TRACE_DONE
END c101 2026-08-06_17:15:48
START c102 2026-08-06_17:15:48
  c102 11+[REGRET,NSROB,MAXN,REACH2,NSTW,FRAGCNT,FRAGSCORE,PBUST,REACH1,REACH3,REACH5,SAT,VFRAC,NFEAS,HARVEST,BOLSAO,ATRISK,REACH2ROB] | RULER mean-over-30 = +0.82% (std 1.72, 22/30 pos) | best +2.88  (216s)
TRACE_DONE
END c102 2026-08-06_17:19:25
START c103 2026-08-06_17:19:25
  c103 11+[REGRET,NSROB,MAXN,REACH2,NSTW,FRAGCNT,FRAGSCORE,PBUST,REACH1,REACH3,REACH5,SAT,VFRAC,NFEAS,HARVEST,BOLSAO,ATRISK,REACH2ROB] | RULER mean-over-30 = +0.53% (std 1.17, 22/30 pos) | best +2.14  (319s)
TRACE_DONE
END c103 2026-08-06_17:24:44
START c105 2026-08-06_17:24:44
  c105 11+[REGRET,NSROB,MAXN,REACH2,NSTW,FRAGCNT,FRAGSCORE,PBUST,REACH1,REACH3,REACH5,SAT,VFRAC,NFEAS,HARVEST,BOLSAO,ATRISK,REACH2ROB] | RULER mean-over-30 = +1.38% (std 1.04, 27/30 pos) | best +3.00  (172s)
TRACE_DONE
END c105 2026-08-06_17:27:37
START r101 2026-08-06_17:27:37
  r101 11+[REGRET,NSROB,MAXN,REACH2,NSTW,FRAGCNT,FRAGSCORE,PBUST,REACH1,REACH3,REACH5,SAT,VFRAC,NFEAS,HARVEST,BOLSAO,ATRISK,REACH2ROB] | RULER mean-over-30 = +2.72% (std 3.00, 29/30 pos) | best +5.84  (114s)
TRACE_DONE
END r101 2026-08-06_17:29:31
START r103 2026-08-06_17:29:31
  r103 11+[REGRET,NSROB,MAXN,REACH2,NSTW,FRAGCNT,FRAGSCORE,PBUST,REACH1,REACH3,REACH5,SAT,VFRAC,NFEAS,HARVEST,BOLSAO,ATRISK,REACH2ROB] | RULER mean-over-30 = +1.24% (std 1.81, 21/30 pos) | best +4.25  (261s)
TRACE_DONE
END r103 2026-08-06_17:33:52
START r104 2026-08-06_17:33:52
  r104 11+[REGRET,NSROB,MAXN,REACH2,NSTW,FRAGCNT,FRAGSCORE,PBUST,REACH1,REACH3,REACH5,SAT,VFRAC,NFEAS,HARVEST,BOLSAO,ATRISK,REACH2ROB] | RULER mean-over-30 = +1.11% (std 1.78, 24/30 pos) | best +3.58  (368s)
TRACE_DONE
END r104 2026-08-06_17:40:00
START r105 2026-08-06_17:40:00
  r105 11+[REGRET,NSROB,MAXN,REACH2,NSTW,FRAGCNT,FRAGSCORE,PBUST,REACH1,REACH3,REACH5,SAT,VFRAC,NFEAS,HARVEST,BOLSAO,ATRISK,REACH2ROB] | RULER mean-over-30 = +2.72% (std 2.03, 26/30 pos) | best +5.46  (152s)
TRACE_DONE
END r105 2026-08-06_17:42:33
START rc104 2026-08-06_17:42:33
  rc104 11+[REGRET,NSROB,MAXN,REACH2,NSTW,FRAGCNT,FRAGSCORE,PBUST,REACH1,REACH3,REACH5,SAT,VFRAC,NFEAS,HARVEST,BOLSAO,ATRISK,REACH2ROB] | RULER mean-over-30 = +0.87% (std 2.72, 21/30 pos) | best +5.24  (322s)
TRACE_DONE
END rc104 2026-08-06_17:47:56
QUEUE_FULL18_DONE 2026-08-06_17:47:56
